// Vitest Snapshot v1

exports[`headSearch component > adds searched user to state 1`] = `
<div
  class="relative h-9"
  searchinput=""
>
  <div
    class="pointer-events-none absolute left-2 top-1/2 -translate-y-1/2 cursor-pointer text-gray-500"
  >
    <font-awesome-icon-stub
      icon="fa-solid fa-magnifying-glass"
    />
  </div>
  <input
    class="h-full min-w-[268px] rounded-lg bg-[#efefef] px-3 pl-7 outline-none"
    placeholder="Search"
  />
  <!--v-if-->
  <div
    class="absolute top-[50px] z-10 h-[375px] w-[375px] -translate-x-12 rounded-lg bg-white drop-shadow transition-all pointer-events-none invisible -translate-y-3 opacity-0"
  >
    <div
      class="triangle -top-[13px] left-1/2 -translate-x-1/2"
    />
    <div
      class="relative flex h-full flex-col overflow-y-scroll"
    >
      <div
        class="flex items-center justify-between p-3"
      >
        <h4
          class="font-bold"
        >
          Recent
        </h4>
        <p
          class="cursor-pointer text-blue-300"
          id="deleteButton"
        >
           clear all 
        </p>
      </div>
      
      <a
        class="flex w-full cursor-pointer items-center pl-3 hover:bg-[rgb(250,250,250)]"
        data-test="1"
        href="/1"
      >
        <img
          class="h-8 w-8 rounded-full"
          src=""
        />
        <div
          class="ml-3"
        >
          <p
            class="font-semibold"
          >
            333
          </p>
          <p
            class="font-medium text-gray-200"
          >
            333
          </p>
        </div>
      </a>
      
      <div
        class="flex flex-auto items-center self-center text-gray-400"
      >
        <!--v-if-->
        <!--v-if-->
      </div>
    </div>
  </div>
</div>
`;
